19.08.2026 21:19:22 : Logging started
19.08.2026 21:19:23 : INFO : Using domain controller 'DC01.vmm.lab' for Active Directory operations.
19.08.2026 21:19:23 : INFO : Current domain is 'vmm.lab'.
19.08.2026 21:19:23 : INFO : Enterprise Admins SID is 'S-1-5-21-1621008319-2234969215-636641058-519'.
19.08.2026 21:19:23 : INFO : Current user is 'VMM\administrator'.
19.08.2026 21:19:23 : INFO : Retrieved group 'DELEG_PKI-Template-Admin' with distinguished name 'CN=DELEG_PKI-Template-Admin,OU=Groups,OU=Accounts,DC=vmm,DC=lab'.
19.08.2026 21:19:23 : INFO : Retrieved RootDSE information from domain controller 'DC01.vmm.lab'.
19.08.2026 21:19:23 : INFO : Schema Naming Context is 'CN=Schema,CN=Configuration,DC=vmm,DC=lab'.
19.08.2026 21:19:23 : INFO : Configuration Naming Context is 'CN=Configuration,DC=vmm,DC=lab'.
19.08.2026 21:19:23 : INFO : Retrieved 'pKICertificateTemplate' schemaGUID: '162 156 32 229 186 59 210 17 144 204 0 192 79 217 26 177'.
19.08.2026 21:19:23 : INFO : Formatted 'pKICertificateTemplate' schemaGUID: 'e5209ca2-3bba-11d2-90cc-00c04fd91ab1'.
19.08.2026 21:19:23 : INFO : Retrieved 'msPKI-Enterprise-Oid' schemaGUID: '92 216 207 55 25 103 216 74 143 158 134 120 186 98 117 99'.
19.08.2026 21:19:23 : INFO : Formatted 'msPKI-Enterprise-Oid' schemaGUID: '37cfd85c-6719-4ad8-8f9e-8678ba627563'.
19.08.2026 21:19:23 : INFO : Certificate Templates container path is 'AD:\CN=Certificate Templates,CN=Public Key Services,CN=Services,CN=Configuration,DC=vmm,DC=lab'.
19.08.2026 21:19:23 : INFO : OID container path is 'AD:\CN=OID,CN=Public Key Services,CN=Services,CN=Configuration,DC=vmm,DC=lab'.
19.08.2026 21:19:23 : INFO : Retrieved 40 certificate templates from 'Certificate Templates' container.
19.08.2026 21:19:23 : INFO : Retrieved 26 OIDs from 'OID' container.
19.08.2026 21:19:23 : INFO : Created ACL Security Principal for group 'DELEG_PKI-Template-Admin' in domain 'VMM'.
19.08.2026 21:19:23 : INFO : Successfully retrieved ACL for 'AD:\CN=Certificate Templates,CN=Public Key Services,CN=Services,CN=Configuration,DC=vmm,DC=lab'.
19.08.2026 21:19:23 : INFO : Adding Create/Delete to pkiCertificateTemplate objects access rule for 'VMM\DELEG_PKI-Template-Admin' to 'AD:\CN=Certificate Templates,CN=Public Key Services,CN=Services,CN=Configuration,DC=vmm,DC=lab'.
19.08.2026 21:19:23 : INFO : Successfully added Create/Delete to pkiCertificateTemplate objects access rule for 'VMM\DELEG_PKI-Template-Admin' to 'AD:\CN=Certificate Templates,CN=Public Key Services,CN=Services,CN=Configuration,DC=vmm,DC=lab'.
19.08.2026 21:19:23 : INFO : Successfully retrieved ACL for 'AD:\CN=Certificate Templates,CN=Public Key Services,CN=Services,CN=Configuration,DC=vmm,DC=lab'.
19.08.2026 21:19:23 : INFO : Adding Full Control to pkiCertificateTemplate objects access rule for 'VMM\DELEG_PKI-Template-Admin' to 'AD:\CN=Certificate Templates,CN=Public Key Services,CN=Services,CN=Configuration,DC=vmm,DC=lab'.
19.08.2026 21:19:23 : INFO : Successfully added Full Control to pkiCertificateTemplate objects access rule for 'VMM\DELEG_PKI-Template-Admin' to 'AD:\CN=Certificate Templates,CN=Public Key Services,CN=Services,CN=Configuration,DC=vmm,DC=lab'.
19.08.2026 21:19:23 : INFO : Successfully retrieved ACL for 'AD:\CN=OID,CN=Public Key Services,CN=Services,CN=Configuration,DC=vmm,DC=lab'.
19.08.2026 21:19:23 : INFO : Adding Create/Delete to msPKI-Enterprise-Oid objects access rule for 'VMM\DELEG_PKI-Template-Admin' to 'AD:\CN=OID,CN=Public Key Services,CN=Services,CN=Configuration,DC=vmm,DC=lab'.
19.08.2026 21:19:23 : INFO : Successfully added Create/Delete to msPKI-Enterprise-Oid objects access rule for 'VMM\DELEG_PKI-Template-Admin' to 'AD:\CN=OID,CN=Public Key Services,CN=Services,CN=Configuration,DC=vmm,DC=lab'.
19.08.2026 21:19:23 : INFO : Successfully retrieved ACL for 'AD:\CN=OID,CN=Public Key Services,CN=Services,CN=Configuration,DC=vmm,DC=lab'.
19.08.2026 21:19:23 : INFO : Adding Full Control to msPKI-Enterprise-Oid objects access rule for 'VMM\DELEG_PKI-Template-Admin' to 'AD:\CN=OID,CN=Public Key Services,CN=Services,CN=Configuration,DC=vmm,DC=lab'.
19.08.2026 21:19:23 : INFO : Successfully added Full Control to msPKI-Enterprise-Oid objects access rule for 'VMM\DELEG_PKI-Template-Admin' to 'AD:\CN=OID,CN=Public Key Services,CN=Services,CN=Configuration,DC=vmm,DC=lab'.
19.08.2026 21:19:23 : INFO : Successfully retrieved ACL for 'AD:\CN=Administrator,CN=Certificate Templates,CN=Public Key Services,CN=Services,CN=Configuration,DC=vmm,DC=lab'.
19.08.2026 21:19:23 : INFO : Adding Full Control to pkiCertificateTemplate objects access rule for 'VMM\DELEG_PKI-Template-Admin' to 'AD:\CN=Administrator,CN=Certificate Templates,CN=Public Key Services,CN=Services,CN=Configuration,DC=vmm,DC=lab'.
19.08.2026 21:19:23 : INFO : Successfully added Full Control to pkiCertificateTemplate objects access rule for 'VMM\DELEG_PKI-Template-Admin' to 'AD:\CN=Administrator,CN=Certificate Templates,CN=Public Key Services,CN=Services,CN=Configuration,DC=vmm,DC=lab'.
19.08.2026 21:19:23 : INFO : Successfully retrieved ACL for 'AD:\CN=Administrator,CN=Certificate Templates,CN=Public Key Services,CN=Services,CN=Configuration,DC=vmm,DC=lab'.
19.08.2026 21:19:23 : INFO : Setting owner of 'AD:\CN=Administrator,CN=Certificate Templates,CN=Public Key Services,CN=Services,CN=Configuration,DC=vmm,DC=lab' to 'VMM\DELEG_PKI-Template-Admin'.
19.08.2026 21:19:23 : INFO : Successfully set owner of 'AD:\CN=Administrator,CN=Certificate Templates,CN=Public Key Services,CN=Services,CN=Configuration,DC=vmm,DC=lab' to 'VMM\DELEG_PKI-Template-Admin'.
19.08.2026 21:19:23 : INFO : Successfully retrieved ACL for 'AD:\CN=CA,CN=Certificate Templates,CN=Public Key Services,CN=Services,CN=Configuration,DC=vmm,DC=lab'.
19.08.2026 21:19:23 : INFO : Adding Full Control to pkiCertificateTemplate objects access rule for 'VMM\DELEG_PKI-Template-Admin' to 'AD:\CN=CA,CN=Certificate Templates,CN=Public Key Services,CN=Services,CN=Configuration,DC=vmm,DC=lab'.
19.08.2026 21:19:23 : INFO : Successfully added Full Control to pkiCertificateTemplate objects access rule for 'VMM\DELEG_PKI-Template-Admin' to 'AD:\CN=CA,CN=Certificate Templates,CN=Public Key Services,CN=Services,CN=Configuration,DC=vmm,DC=lab'.
19.08.2026 21:19:23 : INFO : Successfully retrieved ACL for 'AD:\CN=CA,CN=Certificate Templates,CN=Public Key Services,CN=Services,CN=Configuration,DC=vmm,DC=lab'.
19.08.2026 21:19:24 : INFO : Setting owner of 'AD:\CN=CA,CN=Certificate Templates,CN=Public Key Services,CN=Services,CN=Configuration,DC=vmm,DC=lab' to 'VMM\DELEG_PKI-Template-Admin'.
19.08.2026 21:19:24 : INFO : Successfully set owner of 'AD:\CN=CA,CN=Certificate Templates,CN=Public Key Services,CN=Services,CN=Configuration,DC=vmm,DC=lab' to 'VMM\DELEG_PKI-Template-Admin'.
19.08.2026 21:19:24 : INFO : Successfully retrieved ACL for 'AD:\CN=CAExchange,CN=Certificate Templates,CN=Public Key Services,CN=Services,CN=Configuration,DC=vmm,DC=lab'.
19.08.2026 21:19:24 : INFO : Adding Full Control to pkiCertificateTemplate objects access rule for 'VMM\DELEG_PKI-Template-Admin' to 'AD:\CN=CAExchange,CN=Certificate Templates,CN=Public Key Services,CN=Services,CN=Configuration,DC=vmm,DC=lab'.
19.08.2026 21:19:24 : INFO : Successfully added Full Control to pkiCertificateTemplate objects access rule for 'VMM\DELEG_PKI-Template-Admin' to 'AD:\CN=CAExchange,CN=Certificate Templates,CN=Public Key Services,CN=Services,CN=Configuration,DC=vmm,DC=lab'.
19.08.2026 21:19:24 : INFO : Successfully retrieved ACL for 'AD:\CN=CAExchange,CN=Certificate Templates,CN=Public Key Services,CN=Services,CN=Configuration,DC=vmm,DC=lab'.
19.08.2026 21:19:24 : INFO : Setting owner of 'AD:\CN=CAExchange,CN=Certificate Templates,CN=Public Key Services,CN=Services,CN=Configuration,DC=vmm,DC=lab' to 'VMM\DELEG_PKI-Template-Admin'.
19.08.2026 21:19:24 : INFO : Successfully set owner of 'AD:\CN=CAExchange,CN=Certificate Templates,CN=Public Key Services,CN=Services,CN=Configuration,DC=vmm,DC=lab' to 'VMM\DELEG_PKI-Template-Admin'.
19.08.2026 21:19:24 : INFO : Successfully retrieved ACL for 'AD:\CN=CEPEncryption,CN=Certificate Templates,CN=Public Key Services,CN=Services,CN=Configuration,DC=vmm,DC=lab'.
19.08.2026 21:19:24 : INFO : Adding Full Control to pkiCertificateTemplate objects access rule for 'VMM\DELEG_PKI-Template-Admin' to 'AD:\CN=CEPEncryption,CN=Certificate Templates,CN=Public Key Services,CN=Services,CN=Configuration,DC=vmm,DC=lab'.
19.08.2026 21:19:24 : INFO : Successfully added Full Control to pkiCertificateTemplate objects access rule for 'VMM\DELEG_PKI-Template-Admin' to 'AD:\CN=CEPEncryption,CN=Certificate Templates,CN=Public Key Services,CN=Services,CN=Configuration,DC=vmm,DC=lab'.
19.08.2026 21:19:24 : INFO : Successfully retrieved ACL for 'AD:\CN=CEPEncryption,CN=Certificate Templates,CN=Public Key Services,CN=Services,CN=Configuration,DC=vmm,DC=lab'.
19.08.2026 21:19:24 : INFO : Setting owner of 'AD:\CN=CEPEncryption,CN=Certificate Templates,CN=Public Key Services,CN=Services,CN=Configuration,DC=vmm,DC=lab' to 'VMM\DELEG_PKI-Template-Admin'.
19.08.2026 21:19:24 : INFO : Successfully set owner of 'AD:\CN=CEPEncryption,CN=Certificate Templates,CN=Public Key Services,CN=Services,CN=Configuration,DC=vmm,DC=lab' to 'VMM\DELEG_PKI-Template-Admin'.
19.08.2026 21:19:24 : INFO : Successfully retrieved ACL for 'AD:\CN=ClientAuth,CN=Certificate Templates,CN=Public Key Services,CN=Services,CN=Configuration,DC=vmm,DC=lab'.
19.08.2026 21:19:24 : INFO : Adding Full Control to pkiCertificateTemplate objects access rule for 'VMM\DELEG_PKI-Template-Admin' to 'AD:\CN=ClientAuth,CN=Certificate Templates,CN=Public Key Services,CN=Services,CN=Configuration,DC=vmm,DC=lab'.
19.08.2026 21:19:24 : INFO : Successfully added Full Control to pkiCertificateTemplate objects access rule for 'VMM\DELEG_PKI-Template-Admin' to 'AD:\CN=ClientAuth,CN=Certificate Templates,CN=Public Key Services,CN=Services,CN=Configuration,DC=vmm,DC=lab'.
19.08.2026 21:19:24 : INFO : Successfully retrieved ACL for 'AD:\CN=ClientAuth,CN=Certificate Templates,CN=Public Key Services,CN=Services,CN=Configuration,DC=vmm,DC=lab'.
19.08.2026 21:19:24 : INFO : Setting owner of 'AD:\CN=ClientAuth,CN=Certificate Templates,CN=Public Key Services,CN=Services,CN=Configuration,DC=vmm,DC=lab' to 'VMM\DELEG_PKI-Template-Admin'.
19.08.2026 21:19:24 : INFO : Successfully set owner of 'AD:\CN=ClientAuth,CN=Certificate Templates,CN=Public Key Services,CN=Services,CN=Configuration,DC=vmm,DC=lab' to 'VMM\DELEG_PKI-Template-Admin'.
19.08.2026 21:19:24 : INFO : Successfully retrieved ACL for 'AD:\CN=CodeSigning,CN=Certificate Templates,CN=Public Key Services,CN=Services,CN=Configuration,DC=vmm,DC=lab'.
19.08.2026 21:19:24 : INFO : Adding Full Control to pkiCertificateTemplate objects access rule for 'VMM\DELEG_PKI-Template-Admin' to 'AD:\CN=CodeSigning,CN=Certificate Templates,CN=Public Key Services,CN=Services,CN=Configuration,DC=vmm,DC=lab'.
19.08.2026 21:19:24 : INFO : Successfully added Full Control to pkiCertificateTemplate objects access rule for 'VMM\DELEG_PKI-Template-Admin' to 'AD:\CN=CodeSigning,CN=Certificate Templates,CN=Public Key Services,CN=Services,CN=Configuration,DC=vmm,DC=lab'.
19.08.2026 21:19:24 : INFO : Successfully retrieved ACL for 'AD:\CN=CodeSigning,CN=Certificate Templates,CN=Public Key Services,CN=Services,CN=Configuration,DC=vmm,DC=lab'.
19.08.2026 21:19:24 : INFO : Setting owner of 'AD:\CN=CodeSigning,CN=Certificate Templates,CN=Public Key Services,CN=Services,CN=Configuration,DC=vmm,DC=lab' to 'VMM\DELEG_PKI-Template-Admin'.
19.08.2026 21:19:24 : INFO : Successfully set owner of 'AD:\CN=CodeSigning,CN=Certificate Templates,CN=Public Key Services,CN=Services,CN=Configuration,DC=vmm,DC=lab' to 'VMM\DELEG_PKI-Template-Admin'.
19.08.2026 21:19:24 : INFO : Successfully retrieved ACL for 'AD:\CN=CrossCA,CN=Certificate Templates,CN=Public Key Services,CN=Services,CN=Configuration,DC=vmm,DC=lab'.
19.08.2026 21:19:24 : INFO : Adding Full Control to pkiCertificateTemplate objects access rule for 'VMM\DELEG_PKI-Template-Admin' to 'AD:\CN=CrossCA,CN=Certificate Templates,CN=Public Key Services,CN=Services,CN=Configuration,DC=vmm,DC=lab'.
19.08.2026 21:19:24 : INFO : Successfully added Full Control to pkiCertificateTemplate objects access rule for 'VMM\DELEG_PKI-Template-Admin' to 'AD:\CN=CrossCA,CN=Certificate Templates,CN=Public Key Services,CN=Services,CN=Configuration,DC=vmm,DC=lab'.
19.08.2026 21:19:24 : INFO : Successfully retrieved ACL for 'AD:\CN=CrossCA,CN=Certificate Templates,CN=Public Key Services,CN=Services,CN=Configuration,DC=vmm,DC=lab'.
19.08.2026 21:19:24 : INFO : Setting owner of 'AD:\CN=CrossCA,CN=Certificate Templates,CN=Public Key Services,CN=Services,CN=Configuration,DC=vmm,DC=lab' to 'VMM\DELEG_PKI-Template-Admin'.
19.08.2026 21:19:24 : INFO : Successfully set owner of 'AD:\CN=CrossCA,CN=Certificate Templates,CN=Public Key Services,CN=Services,CN=Configuration,DC=vmm,DC=lab' to 'VMM\DELEG_PKI-Template-Admin'.
19.08.2026 21:19:24 : INFO : Successfully retrieved ACL for 'AD:\CN=CTLSigning,CN=Certificate Templates,CN=Public Key Services,CN=Services,CN=Configuration,DC=vmm,DC=lab'.
19.08.2026 21:19:24 : INFO : Adding Full Control to pkiCertificateTemplate objects access rule for 'VMM\DELEG_PKI-Template-Admin' to 'AD:\CN=CTLSigning,CN=Certificate Templates,CN=Public Key Services,CN=Services,CN=Configuration,DC=vmm,DC=lab'.
19.08.2026 21:19:24 : INFO : Successfully added Full Control to pkiCertificateTemplate objects access rule for 'VMM\DELEG_PKI-Template-Admin' to 'AD:\CN=CTLSigning,CN=Certificate Templates,CN=Public Key Services,CN=Services,CN=Configuration,DC=vmm,DC=lab'.
19.08.2026 21:19:24 : INFO : Successfully retrieved ACL for 'AD:\CN=CTLSigning,CN=Certificate Templates,CN=Public Key Services,CN=Services,CN=Configuration,DC=vmm,DC=lab'.
19.08.2026 21:19:24 : INFO : Setting owner of 'AD:\CN=CTLSigning,CN=Certificate Templates,CN=Public Key Services,CN=Services,CN=Configuration,DC=vmm,DC=lab' to 'VMM\DELEG_PKI-Template-Admin'.
19.08.2026 21:19:24 : INFO : Successfully set owner of 'AD:\CN=CTLSigning,CN=Certificate Templates,CN=Public Key Services,CN=Services,CN=Configuration,DC=vmm,DC=lab' to 'VMM\DELEG_PKI-Template-Admin'.
19.08.2026 21:19:24 : INFO : Successfully retrieved ACL for 'AD:\CN=DirectoryEmailReplication,CN=Certificate Templates,CN=Public Key Services,CN=Services,CN=Configuration,DC=vmm,DC=lab'.
19.08.2026 21:19:24 : INFO : Adding Full Control to pkiCertificateTemplate objects access rule for 'VMM\DELEG_PKI-Template-Admin' to 'AD:\CN=DirectoryEmailReplication,CN=Certificate Templates,CN=Public Key Services,CN=Services,CN=Configuration,DC=vmm,DC=lab'.
19.08.2026 21:19:24 : INFO : Successfully added Full Control to pkiCertificateTemplate objects access rule for 'VMM\DELEG_PKI-Template-Admin' to 'AD:\CN=DirectoryEmailReplication,CN=Certificate Templates,CN=Public Key Services,CN=Services,CN=Configuration,DC=vmm,DC=lab'.
19.08.2026 21:19:24 : INFO : Successfully retrieved ACL for 'AD:\CN=DirectoryEmailReplication,CN=Certificate Templates,CN=Public Key Services,CN=Services,CN=Configuration,DC=vmm,DC=lab'.
19.08.2026 21:19:24 : INFO : Setting owner of 'AD:\CN=DirectoryEmailReplication,CN=Certificate Templates,CN=Public Key Services,CN=Services,CN=Configuration,DC=vmm,DC=lab' to 'VMM\DELEG_PKI-Template-Admin'.
19.08.2026 21:19:24 : INFO : Successfully set owner of 'AD:\CN=DirectoryEmailReplication,CN=Certificate Templates,CN=Public Key Services,CN=Services,CN=Configuration,DC=vmm,DC=lab' to 'VMM\DELEG_PKI-Template-Admin'.
19.08.2026 21:19:24 : INFO : Successfully retrieved ACL for 'AD:\CN=DomainController,CN=Certificate Templates,CN=Public Key Services,CN=Services,CN=Configuration,DC=vmm,DC=lab'.
19.08.2026 21:19:24 : INFO : Adding Full Control to pkiCertificateTemplate objects access rule for 'VMM\DELEG_PKI-Template-Admin' to 'AD:\CN=DomainController,CN=Certificate Templates,CN=Public Key Services,CN=Services,CN=Configuration,DC=vmm,DC=lab'.
19.08.2026 21:19:24 : INFO : Successfully added Full Control to pkiCertificateTemplate objects access rule for 'VMM\DELEG_PKI-Template-Admin' to 'AD:\CN=DomainController,CN=Certificate Templates,CN=Public Key Services,CN=Services,CN=Configuration,DC=vmm,DC=lab'.
19.08.2026 21:19:24 : INFO : Successfully retrieved ACL for 'AD:\CN=DomainController,CN=Certificate Templates,CN=Public Key Services,CN=Services,CN=Configuration,DC=vmm,DC=lab'.
19.08.2026 21:19:24 : INFO : Setting owner of 'AD:\CN=DomainController,CN=Certificate Templates,CN=Public Key Services,CN=Services,CN=Configuration,DC=vmm,DC=lab' to 'VMM\DELEG_PKI-Template-Admin'.
19.08.2026 21:19:24 : INFO : Successfully set owner of 'AD:\CN=DomainController,CN=Certificate Templates,CN=Public Key Services,CN=Services,CN=Configuration,DC=vmm,DC=lab' to 'VMM\DELEG_PKI-Template-Admin'.
19.08.2026 21:19:24 : INFO : Successfully retrieved ACL for 'AD:\CN=DomainControllerAuthentication,CN=Certificate Templates,CN=Public Key Services,CN=Services,CN=Configuration,DC=vmm,DC=lab'.
19.08.2026 21:19:24 : INFO : Adding Full Control to pkiCertificateTemplate objects access rule for 'VMM\DELEG_PKI-Template-Admin' to 'AD:\CN=DomainControllerAuthentication,CN=Certificate Templates,CN=Public Key Services,CN=Services,CN=Configuration,DC=vmm,DC=lab'.
19.08.2026 21:19:24 : INFO : Successfully added Full Control to pkiCertificateTemplate objects access rule for 'VMM\DELEG_PKI-Template-Admin' to 'AD:\CN=DomainControllerAuthentication,CN=Certificate Templates,CN=Public Key Services,CN=Services,CN=Configuration,DC=vmm,DC=lab'.
19.08.2026 21:19:24 : INFO : Successfully retrieved ACL for 'AD:\CN=DomainControllerAuthentication,CN=Certificate Templates,CN=Public Key Services,CN=Services,CN=Configuration,DC=vmm,DC=lab'.
19.08.2026 21:19:24 : INFO : Setting owner of 'AD:\CN=DomainControllerAuthentication,CN=Certificate Templates,CN=Public Key Services,CN=Services,CN=Configuration,DC=vmm,DC=lab' to 'VMM\DELEG_PKI-Template-Admin'.
19.08.2026 21:19:24 : INFO : Successfully set owner of 'AD:\CN=DomainControllerAuthentication,CN=Certificate Templates,CN=Public Key Services,CN=Services,CN=Configuration,DC=vmm,DC=lab' to 'VMM\DELEG_PKI-Template-Admin'.
19.08.2026 21:19:25 : INFO : Successfully retrieved ACL for 'AD:\CN=EFS,CN=Certificate Templates,CN=Public Key Services,CN=Services,CN=Configuration,DC=vmm,DC=lab'.
19.08.2026 21:19:25 : INFO : Adding Full Control to pkiCertificateTemplate objects access rule for 'VMM\DELEG_PKI-Template-Admin' to 'AD:\CN=EFS,CN=Certificate Templates,CN=Public Key Services,CN=Services,CN=Configuration,DC=vmm,DC=lab'.
19.08.2026 21:19:25 : INFO : Successfully added Full Control to pkiCertificateTemplate objects access rule for 'VMM\DELEG_PKI-Template-Admin' to 'AD:\CN=EFS,CN=Certificate Templates,CN=Public Key Services,CN=Services,CN=Configuration,DC=vmm,DC=lab'.
19.08.2026 21:19:25 : INFO : Successfully retrieved ACL for 'AD:\CN=EFS,CN=Certificate Templates,CN=Public Key Services,CN=Services,CN=Configuration,DC=vmm,DC=lab'.
19.08.2026 21:19:25 : INFO : Setting owner of 'AD:\CN=EFS,CN=Certificate Templates,CN=Public Key Services,CN=Services,CN=Configuration,DC=vmm,DC=lab' to 'VMM\DELEG_PKI-Template-Admin'.
19.08.2026 21:19:25 : INFO : Successfully set owner of 'AD:\CN=EFS,CN=Certificate Templates,CN=Public Key Services,CN=Services,CN=Configuration,DC=vmm,DC=lab' to 'VMM\DELEG_PKI-Template-Admin'.
19.08.2026 21:19:25 : INFO : Successfully retrieved ACL for 'AD:\CN=EFSRecovery,CN=Certificate Templates,CN=Public Key Services,CN=Services,CN=Configuration,DC=vmm,DC=lab'.
19.08.2026 21:19:25 : INFO : Adding Full Control to pkiCertificateTemplate objects access rule for 'VMM\DELEG_PKI-Template-Admin' to 'AD:\CN=EFSRecovery,CN=Certificate Templates,CN=Public Key Services,CN=Services,CN=Configuration,DC=vmm,DC=lab'.
19.08.2026 21:19:25 : INFO : Successfully added Full Control to pkiCertificateTemplate objects access rule for 'VMM\DELEG_PKI-Template-Admin' to 'AD:\CN=EFSRecovery,CN=Certificate Templates,CN=Public Key Services,CN=Services,CN=Configuration,DC=vmm,DC=lab'.
19.08.2026 21:19:25 : INFO : Successfully retrieved ACL for 'AD:\CN=EFSRecovery,CN=Certificate Templates,CN=Public Key Services,CN=Services,CN=Configuration,DC=vmm,DC=lab'.
19.08.2026 21:19:25 : INFO : Setting owner of 'AD:\CN=EFSRecovery,CN=Certificate Templates,CN=Public Key Services,CN=Services,CN=Configuration,DC=vmm,DC=lab' to 'VMM\DELEG_PKI-Template-Admin'.
19.08.2026 21:19:25 : INFO : Successfully set owner of 'AD:\CN=EFSRecovery,CN=Certificate Templates,CN=Public Key Services,CN=Services,CN=Configuration,DC=vmm,DC=lab' to 'VMM\DELEG_PKI-Template-Admin'.
19.08.2026 21:19:25 : INFO : Successfully retrieved ACL for 'AD:\CN=EnrollmentAgent,CN=Certificate Templates,CN=Public Key Services,CN=Services,CN=Configuration,DC=vmm,DC=lab'.
19.08.2026 21:19:25 : INFO : Adding Full Control to pkiCertificateTemplate objects access rule for 'VMM\DELEG_PKI-Template-Admin' to 'AD:\CN=EnrollmentAgent,CN=Certificate Templates,CN=Public Key Services,CN=Services,CN=Configuration,DC=vmm,DC=lab'.
19.08.2026 21:19:25 : INFO : Successfully added Full Control to pkiCertificateTemplate objects access rule for 'VMM\DELEG_PKI-Template-Admin' to 'AD:\CN=EnrollmentAgent,CN=Certificate Templates,CN=Public Key Services,CN=Services,CN=Configuration,DC=vmm,DC=lab'.
19.08.2026 21:19:25 : INFO : Successfully retrieved ACL for 'AD:\CN=EnrollmentAgent,CN=Certificate Templates,CN=Public Key Services,CN=Services,CN=Configuration,DC=vmm,DC=lab'.
19.08.2026 21:19:25 : INFO : Setting owner of 'AD:\CN=EnrollmentAgent,CN=Certificate Templates,CN=Public Key Services,CN=Services,CN=Configuration,DC=vmm,DC=lab' to 'VMM\DELEG_PKI-Template-Admin'.
19.08.2026 21:19:25 : INFO : Successfully set owner of 'AD:\CN=EnrollmentAgent,CN=Certificate Templates,CN=Public Key Services,CN=Services,CN=Configuration,DC=vmm,DC=lab' to 'VMM\DELEG_PKI-Template-Admin'.
19.08.2026 21:19:25 : INFO : Successfully retrieved ACL for 'AD:\CN=EnrollmentAgentOffline,CN=Certificate Templates,CN=Public Key Services,CN=Services,CN=Configuration,DC=vmm,DC=lab'.
19.08.2026 21:19:25 : INFO : Adding Full Control to pkiCertificateTemplate objects access rule for 'VMM\DELEG_PKI-Template-Admin' to 'AD:\CN=EnrollmentAgentOffline,CN=Certificate Templates,CN=Public Key Services,CN=Services,CN=Configuration,DC=vmm,DC=lab'.
19.08.2026 21:19:25 : INFO : Successfully added Full Control to pkiCertificateTemplate objects access rule for 'VMM\DELEG_PKI-Template-Admin' to 'AD:\CN=EnrollmentAgentOffline,CN=Certificate Templates,CN=Public Key Services,CN=Services,CN=Configuration,DC=vmm,DC=lab'.
19.08.2026 21:19:25 : INFO : Successfully retrieved ACL for 'AD:\CN=EnrollmentAgentOffline,CN=Certificate Templates,CN=Public Key Services,CN=Services,CN=Configuration,DC=vmm,DC=lab'.
19.08.2026 21:19:25 : INFO : Setting owner of 'AD:\CN=EnrollmentAgentOffline,CN=Certificate Templates,CN=Public Key Services,CN=Services,CN=Configuration,DC=vmm,DC=lab' to 'VMM\DELEG_PKI-Template-Admin'.
19.08.2026 21:19:25 : INFO : Successfully set owner of 'AD:\CN=EnrollmentAgentOffline,CN=Certificate Templates,CN=Public Key Services,CN=Services,CN=Configuration,DC=vmm,DC=lab' to 'VMM\DELEG_PKI-Template-Admin'.
19.08.2026 21:19:25 : INFO : Successfully retrieved ACL for 'AD:\CN=ExchangeUser,CN=Certificate Templates,CN=Public Key Services,CN=Services,CN=Configuration,DC=vmm,DC=lab'.
19.08.2026 21:19:25 : INFO : Adding Full Control to pkiCertificateTemplate objects access rule for 'VMM\DELEG_PKI-Template-Admin' to 'AD:\CN=ExchangeUser,CN=Certificate Templates,CN=Public Key Services,CN=Services,CN=Configuration,DC=vmm,DC=lab'.
19.08.2026 21:19:25 : INFO : Successfully added Full Control to pkiCertificateTemplate objects access rule for 'VMM\DELEG_PKI-Template-Admin' to 'AD:\CN=ExchangeUser,CN=Certificate Templates,CN=Public Key Services,CN=Services,CN=Configuration,DC=vmm,DC=lab'.
19.08.2026 21:19:25 : INFO : Successfully retrieved ACL for 'AD:\CN=ExchangeUser,CN=Certificate Templates,CN=Public Key Services,CN=Services,CN=Configuration,DC=vmm,DC=lab'.
19.08.2026 21:19:25 : INFO : Setting owner of 'AD:\CN=ExchangeUser,CN=Certificate Templates,CN=Public Key Services,CN=Services,CN=Configuration,DC=vmm,DC=lab' to 'VMM\DELEG_PKI-Template-Admin'.
19.08.2026 21:19:25 : INFO : Successfully set owner of 'AD:\CN=ExchangeUser,CN=Certificate Templates,CN=Public Key Services,CN=Services,CN=Configuration,DC=vmm,DC=lab' to 'VMM\DELEG_PKI-Template-Admin'.
19.08.2026 21:19:25 : INFO : Successfully retrieved ACL for 'AD:\CN=ExchangeUserSignature,CN=Certificate Templates,CN=Public Key Services,CN=Services,CN=Configuration,DC=vmm,DC=lab'.
19.08.2026 21:19:25 : INFO : Adding Full Control to pkiCertificateTemplate objects access rule for 'VMM\DELEG_PKI-Template-Admin' to 'AD:\CN=ExchangeUserSignature,CN=Certificate Templates,CN=Public Key Services,CN=Services,CN=Configuration,DC=vmm,DC=lab'.
19.08.2026 21:19:25 : INFO : Successfully added Full Control to pkiCertificateTemplate objects access rule for 'VMM\DELEG_PKI-Template-Admin' to 'AD:\CN=ExchangeUserSignature,CN=Certificate Templates,CN=Public Key Services,CN=Services,CN=Configuration,DC=vmm,DC=lab'.
19.08.2026 21:19:25 : INFO : Successfully retrieved ACL for 'AD:\CN=ExchangeUserSignature,CN=Certificate Templates,CN=Public Key Services,CN=Services,CN=Configuration,DC=vmm,DC=lab'.
19.08.2026 21:19:25 : INFO : Setting owner of 'AD:\CN=ExchangeUserSignature,CN=Certificate Templates,CN=Public Key Services,CN=Services,CN=Configuration,DC=vmm,DC=lab' to 'VMM\DELEG_PKI-Template-Admin'.
19.08.2026 21:19:25 : INFO : Successfully set owner of 'AD:\CN=ExchangeUserSignature,CN=Certificate Templates,CN=Public Key Services,CN=Services,CN=Configuration,DC=vmm,DC=lab' to 'VMM\DELEG_PKI-Template-Admin'.
19.08.2026 21:19:25 : INFO : Successfully retrieved ACL for 'AD:\CN=IPSECIntermediateOffline,CN=Certificate Templates,CN=Public Key Services,CN=Services,CN=Configuration,DC=vmm,DC=lab'.
19.08.2026 21:19:25 : INFO : Adding Full Control to pkiCertificateTemplate objects access rule for 'VMM\DELEG_PKI-Template-Admin' to 'AD:\CN=IPSECIntermediateOffline,CN=Certificate Templates,CN=Public Key Services,CN=Services,CN=Configuration,DC=vmm,DC=lab'.
19.08.2026 21:19:25 : INFO : Successfully added Full Control to pkiCertificateTemplate objects access rule for 'VMM\DELEG_PKI-Template-Admin' to 'AD:\CN=IPSECIntermediateOffline,CN=Certificate Templates,CN=Public Key Services,CN=Services,CN=Configuration,DC=vmm,DC=lab'.
19.08.2026 21:19:25 : INFO : Successfully retrieved ACL for 'AD:\CN=IPSECIntermediateOffline,CN=Certificate Templates,CN=Public Key Services,CN=Services,CN=Configuration,DC=vmm,DC=lab'.
19.08.2026 21:19:25 : INFO : Setting owner of 'AD:\CN=IPSECIntermediateOffline,CN=Certificate Templates,CN=Public Key Services,CN=Services,CN=Configuration,DC=vmm,DC=lab' to 'VMM\DELEG_PKI-Template-Admin'.
19.08.2026 21:19:25 : INFO : Successfully set owner of 'AD:\CN=IPSECIntermediateOffline,CN=Certificate Templates,CN=Public Key Services,CN=Services,CN=Configuration,DC=vmm,DC=lab' to 'VMM\DELEG_PKI-Template-Admin'.
19.08.2026 21:19:25 : INFO : Successfully retrieved ACL for 'AD:\CN=IPSECIntermediateOnline,CN=Certificate Templates,CN=Public Key Services,CN=Services,CN=Configuration,DC=vmm,DC=lab'.
19.08.2026 21:19:25 : INFO : Adding Full Control to pkiCertificateTemplate objects access rule for 'VMM\DELEG_PKI-Template-Admin' to 'AD:\CN=IPSECIntermediateOnline,CN=Certificate Templates,CN=Public Key Services,CN=Services,CN=Configuration,DC=vmm,DC=lab'.
19.08.2026 21:19:25 : INFO : Successfully added Full Control to pkiCertificateTemplate objects access rule for 'VMM\DELEG_PKI-Template-Admin' to 'AD:\CN=IPSECIntermediateOnline,CN=Certificate Templates,CN=Public Key Services,CN=Services,CN=Configuration,DC=vmm,DC=lab'.
19.08.2026 21:19:25 : INFO : Successfully retrieved ACL for 'AD:\CN=IPSECIntermediateOnline,CN=Certificate Templates,CN=Public Key Services,CN=Services,CN=Configuration,DC=vmm,DC=lab'.
19.08.2026 21:19:25 : INFO : Setting owner of 'AD:\CN=IPSECIntermediateOnline,CN=Certificate Templates,CN=Public Key Services,CN=Services,CN=Configuration,DC=vmm,DC=lab' to 'VMM\DELEG_PKI-Template-Admin'.
19.08.2026 21:19:25 : INFO : Successfully set owner of 'AD:\CN=IPSECIntermediateOnline,CN=Certificate Templates,CN=Public Key Services,CN=Services,CN=Configuration,DC=vmm,DC=lab' to 'VMM\DELEG_PKI-Template-Admin'.
19.08.2026 21:19:25 : INFO : Successfully retrieved ACL for 'AD:\CN=KerberosAuthentication,CN=Certificate Templates,CN=Public Key Services,CN=Services,CN=Configuration,DC=vmm,DC=lab'.
19.08.2026 21:19:25 : INFO : Adding Full Control to pkiCertificateTemplate objects access rule for 'VMM\DELEG_PKI-Template-Admin' to 'AD:\CN=KerberosAuthentication,CN=Certificate Templates,CN=Public Key Services,CN=Services,CN=Configuration,DC=vmm,DC=lab'.
19.08.2026 21:19:25 : INFO : Successfully added Full Control to pkiCertificateTemplate objects access rule for 'VMM\DELEG_PKI-Template-Admin' to 'AD:\CN=KerberosAuthentication,CN=Certificate Templates,CN=Public Key Services,CN=Services,CN=Configuration,DC=vmm,DC=lab'.
19.08.2026 21:19:25 : INFO : Successfully retrieved ACL for 'AD:\CN=KerberosAuthentication,CN=Certificate Templates,CN=Public Key Services,CN=Services,CN=Configuration,DC=vmm,DC=lab'.
19.08.2026 21:19:25 : INFO : Setting owner of 'AD:\CN=KerberosAuthentication,CN=Certificate Templates,CN=Public Key Services,CN=Services,CN=Configuration,DC=vmm,DC=lab' to 'VMM\DELEG_PKI-Template-Admin'.
19.08.2026 21:19:25 : INFO : Successfully set owner of 'AD:\CN=KerberosAuthentication,CN=Certificate Templates,CN=Public Key Services,CN=Services,CN=Configuration,DC=vmm,DC=lab' to 'VMM\DELEG_PKI-Template-Admin'.
19.08.2026 21:19:25 : INFO : Successfully retrieved ACL for 'AD:\CN=KeyRecoveryAgent,CN=Certificate Templates,CN=Public Key Services,CN=Services,CN=Configuration,DC=vmm,DC=lab'.
19.08.2026 21:19:26 : INFO : Adding Full Control to pkiCertificateTemplate objects access rule for 'VMM\DELEG_PKI-Template-Admin' to 'AD:\CN=KeyRecoveryAgent,CN=Certificate Templates,CN=Public Key Services,CN=Services,CN=Configuration,DC=vmm,DC=lab'.
19.08.2026 21:19:26 : INFO : Successfully added Full Control to pkiCertificateTemplate objects access rule for 'VMM\DELEG_PKI-Template-Admin' to 'AD:\CN=KeyRecoveryAgent,CN=Certificate Templates,CN=Public Key Services,CN=Services,CN=Configuration,DC=vmm,DC=lab'.
19.08.2026 21:19:26 : INFO : Successfully retrieved ACL for 'AD:\CN=KeyRecoveryAgent,CN=Certificate Templates,CN=Public Key Services,CN=Services,CN=Configuration,DC=vmm,DC=lab'.
19.08.2026 21:19:26 : INFO : Setting owner of 'AD:\CN=KeyRecoveryAgent,CN=Certificate Templates,CN=Public Key Services,CN=Services,CN=Configuration,DC=vmm,DC=lab' to 'VMM\DELEG_PKI-Template-Admin'.
19.08.2026 21:19:26 : INFO : Successfully set owner of 'AD:\CN=KeyRecoveryAgent,CN=Certificate Templates,CN=Public Key Services,CN=Services,CN=Configuration,DC=vmm,DC=lab' to 'VMM\DELEG_PKI-Template-Admin'.
19.08.2026 21:19:26 : INFO : Successfully retrieved ACL for 'AD:\CN=LAB_Computer_2048BIT_SHA256_3M,CN=Certificate Templates,CN=Public Key Services,CN=Services,CN=Configuration,DC=vmm,DC=lab'.
19.08.2026 21:19:26 : INFO : Adding Full Control to pkiCertificateTemplate objects access rule for 'VMM\DELEG_PKI-Template-Admin' to 'AD:\CN=LAB_Computer_2048BIT_SHA256_3M,CN=Certificate Templates,CN=Public Key Services,CN=Services,CN=Configuration,DC=vmm,DC=lab'.
19.08.2026 21:19:26 : INFO : Successfully added Full Control to pkiCertificateTemplate objects access rule for 'VMM\DELEG_PKI-Template-Admin' to 'AD:\CN=LAB_Computer_2048BIT_SHA256_3M,CN=Certificate Templates,CN=Public Key Services,CN=Services,CN=Configuration,DC=vmm,DC=lab'.
19.08.2026 21:19:26 : INFO : Successfully retrieved ACL for 'AD:\CN=LAB_Computer_2048BIT_SHA256_3M,CN=Certificate Templates,CN=Public Key Services,CN=Services,CN=Configuration,DC=vmm,DC=lab'.
19.08.2026 21:19:26 : INFO : Setting owner of 'AD:\CN=LAB_Computer_2048BIT_SHA256_3M,CN=Certificate Templates,CN=Public Key Services,CN=Services,CN=Configuration,DC=vmm,DC=lab' to 'VMM\DELEG_PKI-Template-Admin'.
19.08.2026 21:19:26 : INFO : Successfully set owner of 'AD:\CN=LAB_Computer_2048BIT_SHA256_3M,CN=Certificate Templates,CN=Public Key Services,CN=Services,CN=Configuration,DC=vmm,DC=lab' to 'VMM\DELEG_PKI-Template-Admin'.
19.08.2026 21:19:26 : INFO : Successfully retrieved ACL for 'AD:\CN=LAB_KerberosAuthentication_20248BIT_SHA256_3M,CN=Certificate Templates,CN=Public Key Services,CN=Services,CN=Configuration,DC=vmm,DC=lab'.
19.08.2026 21:19:26 : INFO : Adding Full Control to pkiCertificateTemplate objects access rule for 'VMM\DELEG_PKI-Template-Admin' to 'AD:\CN=LAB_KerberosAuthentication_20248BIT_SHA256_3M,CN=Certificate Templates,CN=Public Key Services,CN=Services,CN=Configuration,DC=vmm,DC=lab'.
19.08.2026 21:19:26 : INFO : Successfully added Full Control to pkiCertificateTemplate objects access rule for 'VMM\DELEG_PKI-Template-Admin' to 'AD:\CN=LAB_KerberosAuthentication_20248BIT_SHA256_3M,CN=Certificate Templates,CN=Public Key Services,CN=Services,CN=Configuration,DC=vmm,DC=lab'.
19.08.2026 21:19:26 : INFO : Successfully retrieved ACL for 'AD:\CN=LAB_KerberosAuthentication_20248BIT_SHA256_3M,CN=Certificate Templates,CN=Public Key Services,CN=Services,CN=Configuration,DC=vmm,DC=lab'.
19.08.2026 21:19:26 : INFO : Setting owner of 'AD:\CN=LAB_KerberosAuthentication_20248BIT_SHA256_3M,CN=Certificate Templates,CN=Public Key Services,CN=Services,CN=Configuration,DC=vmm,DC=lab' to 'VMM\DELEG_PKI-Template-Admin'.
19.08.2026 21:19:26 : INFO : Successfully set owner of 'AD:\CN=LAB_KerberosAuthentication_20248BIT_SHA256_3M,CN=Certificate Templates,CN=Public Key Services,CN=Services,CN=Configuration,DC=vmm,DC=lab' to 'VMM\DELEG_PKI-Template-Admin'.
19.08.2026 21:19:26 : INFO : Successfully retrieved ACL for 'AD:\CN=LAB_OCSPResponseSigning_2048BIT_SHA256_3M,CN=Certificate Templates,CN=Public Key Services,CN=Services,CN=Configuration,DC=vmm,DC=lab'.
19.08.2026 21:19:26 : INFO : Adding Full Control to pkiCertificateTemplate objects access rule for 'VMM\DELEG_PKI-Template-Admin' to 'AD:\CN=LAB_OCSPResponseSigning_2048BIT_SHA256_3M,CN=Certificate Templates,CN=Public Key Services,CN=Services,CN=Configuration,DC=vmm,DC=lab'.
19.08.2026 21:19:26 : INFO : Successfully added Full Control to pkiCertificateTemplate objects access rule for 'VMM\DELEG_PKI-Template-Admin' to 'AD:\CN=LAB_OCSPResponseSigning_2048BIT_SHA256_3M,CN=Certificate Templates,CN=Public Key Services,CN=Services,CN=Configuration,DC=vmm,DC=lab'.
19.08.2026 21:19:26 : INFO : Successfully retrieved ACL for 'AD:\CN=LAB_OCSPResponseSigning_2048BIT_SHA256_3M,CN=Certificate Templates,CN=Public Key Services,CN=Services,CN=Configuration,DC=vmm,DC=lab'.
19.08.2026 21:19:26 : INFO : Setting owner of 'AD:\CN=LAB_OCSPResponseSigning_2048BIT_SHA256_3M,CN=Certificate Templates,CN=Public Key Services,CN=Services,CN=Configuration,DC=vmm,DC=lab' to 'VMM\DELEG_PKI-Template-Admin'.
19.08.2026 21:19:26 : INFO : Successfully set owner of 'AD:\CN=LAB_OCSPResponseSigning_2048BIT_SHA256_3M,CN=Certificate Templates,CN=Public Key Services,CN=Services,CN=Configuration,DC=vmm,DC=lab' to 'VMM\DELEG_PKI-Template-Admin'.
19.08.2026 21:19:26 : INFO : Successfully retrieved ACL for 'AD:\CN=LAB_RAS_and_IAS_2048BIT_SHA256_1Y,CN=Certificate Templates,CN=Public Key Services,CN=Services,CN=Configuration,DC=vmm,DC=lab'.
19.08.2026 21:19:26 : INFO : Adding Full Control to pkiCertificateTemplate objects access rule for 'VMM\DELEG_PKI-Template-Admin' to 'AD:\CN=LAB_RAS_and_IAS_2048BIT_SHA256_1Y,CN=Certificate Templates,CN=Public Key Services,CN=Services,CN=Configuration,DC=vmm,DC=lab'.
19.08.2026 21:19:26 : INFO : Successfully added Full Control to pkiCertificateTemplate objects access rule for 'VMM\DELEG_PKI-Template-Admin' to 'AD:\CN=LAB_RAS_and_IAS_2048BIT_SHA256_1Y,CN=Certificate Templates,CN=Public Key Services,CN=Services,CN=Configuration,DC=vmm,DC=lab'.
19.08.2026 21:19:26 : INFO : Successfully retrieved ACL for 'AD:\CN=LAB_RAS_and_IAS_2048BIT_SHA256_1Y,CN=Certificate Templates,CN=Public Key Services,CN=Services,CN=Configuration,DC=vmm,DC=lab'.
19.08.2026 21:19:26 : INFO : Setting owner of 'AD:\CN=LAB_RAS_and_IAS_2048BIT_SHA256_1Y,CN=Certificate Templates,CN=Public Key Services,CN=Services,CN=Configuration,DC=vmm,DC=lab' to 'VMM\DELEG_PKI-Template-Admin'.
19.08.2026 21:19:26 : INFO : Successfully set owner of 'AD:\CN=LAB_RAS_and_IAS_2048BIT_SHA256_1Y,CN=Certificate Templates,CN=Public Key Services,CN=Services,CN=Configuration,DC=vmm,DC=lab' to 'VMM\DELEG_PKI-Template-Admin'.
19.08.2026 21:19:26 : INFO : Successfully retrieved ACL for 'AD:\CN=LAB_VPNComputer_2048BIT_SHA256_3M,CN=Certificate Templates,CN=Public Key Services,CN=Services,CN=Configuration,DC=vmm,DC=lab'.
19.08.2026 21:19:26 : INFO : Adding Full Control to pkiCertificateTemplate objects access rule for 'VMM\DELEG_PKI-Template-Admin' to 'AD:\CN=LAB_VPNComputer_2048BIT_SHA256_3M,CN=Certificate Templates,CN=Public Key Services,CN=Services,CN=Configuration,DC=vmm,DC=lab'.
19.08.2026 21:19:26 : INFO : Successfully added Full Control to pkiCertificateTemplate objects access rule for 'VMM\DELEG_PKI-Template-Admin' to 'AD:\CN=LAB_VPNComputer_2048BIT_SHA256_3M,CN=Certificate Templates,CN=Public Key Services,CN=Services,CN=Configuration,DC=vmm,DC=lab'.
19.08.2026 21:19:26 : INFO : Successfully retrieved ACL for 'AD:\CN=LAB_VPNComputer_2048BIT_SHA256_3M,CN=Certificate Templates,CN=Public Key Services,CN=Services,CN=Configuration,DC=vmm,DC=lab'.
19.08.2026 21:19:26 : INFO : Setting owner of 'AD:\CN=LAB_VPNComputer_2048BIT_SHA256_3M,CN=Certificate Templates,CN=Public Key Services,CN=Services,CN=Configuration,DC=vmm,DC=lab' to 'VMM\DELEG_PKI-Template-Admin'.
19.08.2026 21:19:26 : INFO : Successfully set owner of 'AD:\CN=LAB_VPNComputer_2048BIT_SHA256_3M,CN=Certificate Templates,CN=Public Key Services,CN=Services,CN=Configuration,DC=vmm,DC=lab' to 'VMM\DELEG_PKI-Template-Admin'.
19.08.2026 21:19:26 : INFO : Successfully retrieved ACL for 'AD:\CN=LAB_VPNServer_2048BIT_SHA256_1Y,CN=Certificate Templates,CN=Public Key Services,CN=Services,CN=Configuration,DC=vmm,DC=lab'.
19.08.2026 21:19:26 : INFO : Adding Full Control to pkiCertificateTemplate objects access rule for 'VMM\DELEG_PKI-Template-Admin' to 'AD:\CN=LAB_VPNServer_2048BIT_SHA256_1Y,CN=Certificate Templates,CN=Public Key Services,CN=Services,CN=Configuration,DC=vmm,DC=lab'.
19.08.2026 21:19:26 : INFO : Successfully added Full Control to pkiCertificateTemplate objects access rule for 'VMM\DELEG_PKI-Template-Admin' to 'AD:\CN=LAB_VPNServer_2048BIT_SHA256_1Y,CN=Certificate Templates,CN=Public Key Services,CN=Services,CN=Configuration,DC=vmm,DC=lab'.
19.08.2026 21:19:26 : INFO : Successfully retrieved ACL for 'AD:\CN=LAB_VPNServer_2048BIT_SHA256_1Y,CN=Certificate Templates,CN=Public Key Services,CN=Services,CN=Configuration,DC=vmm,DC=lab'.
19.08.2026 21:19:26 : INFO : Setting owner of 'AD:\CN=LAB_VPNServer_2048BIT_SHA256_1Y,CN=Certificate Templates,CN=Public Key Services,CN=Services,CN=Configuration,DC=vmm,DC=lab' to 'VMM\DELEG_PKI-Template-Admin'.
19.08.2026 21:19:26 : INFO : Successfully set owner of 'AD:\CN=LAB_VPNServer_2048BIT_SHA256_1Y,CN=Certificate Templates,CN=Public Key Services,CN=Services,CN=Configuration,DC=vmm,DC=lab' to 'VMM\DELEG_PKI-Template-Admin'.
19.08.2026 21:19:26 : INFO : Successfully retrieved ACL for 'AD:\CN=LAB_WebServer_2048BIT_SHA256_1Y_EXP,CN=Certificate Templates,CN=Public Key Services,CN=Services,CN=Configuration,DC=vmm,DC=lab'.
19.08.2026 21:19:26 : INFO : Adding Full Control to pkiCertificateTemplate objects access rule for 'VMM\DELEG_PKI-Template-Admin' to 'AD:\CN=LAB_WebServer_2048BIT_SHA256_1Y_EXP,CN=Certificate Templates,CN=Public Key Services,CN=Services,CN=Configuration,DC=vmm,DC=lab'.
19.08.2026 21:19:26 : INFO : Successfully added Full Control to pkiCertificateTemplate objects access rule for 'VMM\DELEG_PKI-Template-Admin' to 'AD:\CN=LAB_WebServer_2048BIT_SHA256_1Y_EXP,CN=Certificate Templates,CN=Public Key Services,CN=Services,CN=Configuration,DC=vmm,DC=lab'.
19.08.2026 21:19:26 : INFO : Successfully retrieved ACL for 'AD:\CN=LAB_WebServer_2048BIT_SHA256_1Y_EXP,CN=Certificate Templates,CN=Public Key Services,CN=Services,CN=Configuration,DC=vmm,DC=lab'.
19.08.2026 21:19:26 : INFO : Setting owner of 'AD:\CN=LAB_WebServer_2048BIT_SHA256_1Y_EXP,CN=Certificate Templates,CN=Public Key Services,CN=Services,CN=Configuration,DC=vmm,DC=lab' to 'VMM\DELEG_PKI-Template-Admin'.
19.08.2026 21:19:26 : INFO : Successfully set owner of 'AD:\CN=LAB_WebServer_2048BIT_SHA256_1Y_EXP,CN=Certificate Templates,CN=Public Key Services,CN=Services,CN=Configuration,DC=vmm,DC=lab' to 'VMM\DELEG_PKI-Template-Admin'.
19.08.2026 21:19:26 : INFO : Successfully retrieved ACL for 'AD:\CN=Machine,CN=Certificate Templates,CN=Public Key Services,CN=Services,CN=Configuration,DC=vmm,DC=lab'.
19.08.2026 21:19:26 : INFO : Adding Full Control to pkiCertificateTemplate objects access rule for 'VMM\DELEG_PKI-Template-Admin' to 'AD:\CN=Machine,CN=Certificate Templates,CN=Public Key Services,CN=Services,CN=Configuration,DC=vmm,DC=lab'.
19.08.2026 21:19:26 : INFO : Successfully added Full Control to pkiCertificateTemplate objects access rule for 'VMM\DELEG_PKI-Template-Admin' to 'AD:\CN=Machine,CN=Certificate Templates,CN=Public Key Services,CN=Services,CN=Configuration,DC=vmm,DC=lab'.
19.08.2026 21:19:26 : INFO : Successfully retrieved ACL for 'AD:\CN=Machine,CN=Certificate Templates,CN=Public Key Services,CN=Services,CN=Configuration,DC=vmm,DC=lab'.
19.08.2026 21:19:26 : INFO : Setting owner of 'AD:\CN=Machine,CN=Certificate Templates,CN=Public Key Services,CN=Services,CN=Configuration,DC=vmm,DC=lab' to 'VMM\DELEG_PKI-Template-Admin'.
19.08.2026 21:19:26 : INFO : Successfully set owner of 'AD:\CN=Machine,CN=Certificate Templates,CN=Public Key Services,CN=Services,CN=Configuration,DC=vmm,DC=lab' to 'VMM\DELEG_PKI-Template-Admin'.
19.08.2026 21:19:26 : INFO : Successfully retrieved ACL for 'AD:\CN=MachineEnrollmentAgent,CN=Certificate Templates,CN=Public Key Services,CN=Services,CN=Configuration,DC=vmm,DC=lab'.
19.08.2026 21:19:26 : INFO : Adding Full Control to pkiCertificateTemplate objects access rule for 'VMM\DELEG_PKI-Template-Admin' to 'AD:\CN=MachineEnrollmentAgent,CN=Certificate Templates,CN=Public Key Services,CN=Services,CN=Configuration,DC=vmm,DC=lab'.
19.08.2026 21:19:26 : INFO : Successfully added Full Control to pkiCertificateTemplate objects access rule for 'VMM\DELEG_PKI-Template-Admin' to 'AD:\CN=MachineEnrollmentAgent,CN=Certificate Templates,CN=Public Key Services,CN=Services,CN=Configuration,DC=vmm,DC=lab'.
19.08.2026 21:19:27 : INFO : Successfully retrieved ACL for 'AD:\CN=MachineEnrollmentAgent,CN=Certificate Templates,CN=Public Key Services,CN=Services,CN=Configuration,DC=vmm,DC=lab'.
19.08.2026 21:19:27 : INFO : Setting owner of 'AD:\CN=MachineEnrollmentAgent,CN=Certificate Templates,CN=Public Key Services,CN=Services,CN=Configuration,DC=vmm,DC=lab' to 'VMM\DELEG_PKI-Template-Admin'.
19.08.2026 21:19:27 : INFO : Successfully set owner of 'AD:\CN=MachineEnrollmentAgent,CN=Certificate Templates,CN=Public Key Services,CN=Services,CN=Configuration,DC=vmm,DC=lab' to 'VMM\DELEG_PKI-Template-Admin'.
19.08.2026 21:19:27 : INFO : Successfully retrieved ACL for 'AD:\CN=OCSPResponseSigning,CN=Certificate Templates,CN=Public Key Services,CN=Services,CN=Configuration,DC=vmm,DC=lab'.
19.08.2026 21:19:27 : INFO : Adding Full Control to pkiCertificateTemplate objects access rule for 'VMM\DELEG_PKI-Template-Admin' to 'AD:\CN=OCSPResponseSigning,CN=Certificate Templates,CN=Public Key Services,CN=Services,CN=Configuration,DC=vmm,DC=lab'.
19.08.2026 21:19:27 : INFO : Successfully added Full Control to pkiCertificateTemplate objects access rule for 'VMM\DELEG_PKI-Template-Admin' to 'AD:\CN=OCSPResponseSigning,CN=Certificate Templates,CN=Public Key Services,CN=Services,CN=Configuration,DC=vmm,DC=lab'.
19.08.2026 21:19:27 : INFO : Successfully retrieved ACL for 'AD:\CN=OCSPResponseSigning,CN=Certificate Templates,CN=Public Key Services,CN=Services,CN=Configuration,DC=vmm,DC=lab'.
19.08.2026 21:19:27 : INFO : Setting owner of 'AD:\CN=OCSPResponseSigning,CN=Certificate Templates,CN=Public Key Services,CN=Services,CN=Configuration,DC=vmm,DC=lab' to 'VMM\DELEG_PKI-Template-Admin'.
19.08.2026 21:19:27 : INFO : Successfully set owner of 'AD:\CN=OCSPResponseSigning,CN=Certificate Templates,CN=Public Key Services,CN=Services,CN=Configuration,DC=vmm,DC=lab' to 'VMM\DELEG_PKI-Template-Admin'.
19.08.2026 21:19:27 : INFO : Successfully retrieved ACL for 'AD:\CN=OfflineRouter,CN=Certificate Templates,CN=Public Key Services,CN=Services,CN=Configuration,DC=vmm,DC=lab'.
19.08.2026 21:19:27 : INFO : Adding Full Control to pkiCertificateTemplate objects access rule for 'VMM\DELEG_PKI-Template-Admin' to 'AD:\CN=OfflineRouter,CN=Certificate Templates,CN=Public Key Services,CN=Services,CN=Configuration,DC=vmm,DC=lab'.
19.08.2026 21:19:27 : INFO : Successfully added Full Control to pkiCertificateTemplate objects access rule for 'VMM\DELEG_PKI-Template-Admin' to 'AD:\CN=OfflineRouter,CN=Certificate Templates,CN=Public Key Services,CN=Services,CN=Configuration,DC=vmm,DC=lab'.
19.08.2026 21:19:27 : INFO : Successfully retrieved ACL for 'AD:\CN=OfflineRouter,CN=Certificate Templates,CN=Public Key Services,CN=Services,CN=Configuration,DC=vmm,DC=lab'.
19.08.2026 21:19:27 : INFO : Setting owner of 'AD:\CN=OfflineRouter,CN=Certificate Templates,CN=Public Key Services,CN=Services,CN=Configuration,DC=vmm,DC=lab' to 'VMM\DELEG_PKI-Template-Admin'.
19.08.2026 21:19:27 : INFO : Successfully set owner of 'AD:\CN=OfflineRouter,CN=Certificate Templates,CN=Public Key Services,CN=Services,CN=Configuration,DC=vmm,DC=lab' to 'VMM\DELEG_PKI-Template-Admin'.
19.08.2026 21:19:27 : INFO : Successfully retrieved ACL for 'AD:\CN=RASAndIASServer,CN=Certificate Templates,CN=Public Key Services,CN=Services,CN=Configuration,DC=vmm,DC=lab'.
19.08.2026 21:19:27 : INFO : Adding Full Control to pkiCertificateTemplate objects access rule for 'VMM\DELEG_PKI-Template-Admin' to 'AD:\CN=RASAndIASServer,CN=Certificate Templates,CN=Public Key Services,CN=Services,CN=Configuration,DC=vmm,DC=lab'.
19.08.2026 21:19:27 : INFO : Successfully added Full Control to pkiCertificateTemplate objects access rule for 'VMM\DELEG_PKI-Template-Admin' to 'AD:\CN=RASAndIASServer,CN=Certificate Templates,CN=Public Key Services,CN=Services,CN=Configuration,DC=vmm,DC=lab'.
19.08.2026 21:19:27 : INFO : Successfully retrieved ACL for 'AD:\CN=RASAndIASServer,CN=Certificate Templates,CN=Public Key Services,CN=Services,CN=Configuration,DC=vmm,DC=lab'.
19.08.2026 21:19:27 : INFO : Setting owner of 'AD:\CN=RASAndIASServer,CN=Certificate Templates,CN=Public Key Services,CN=Services,CN=Configuration,DC=vmm,DC=lab' to 'VMM\DELEG_PKI-Template-Admin'.
19.08.2026 21:19:27 : INFO : Successfully set owner of 'AD:\CN=RASAndIASServer,CN=Certificate Templates,CN=Public Key Services,CN=Services,CN=Configuration,DC=vmm,DC=lab' to 'VMM\DELEG_PKI-Template-Admin'.
19.08.2026 21:19:27 : INFO : Successfully retrieved ACL for 'AD:\CN=SmartcardLogon,CN=Certificate Templates,CN=Public Key Services,CN=Services,CN=Configuration,DC=vmm,DC=lab'.
19.08.2026 21:19:27 : INFO : Adding Full Control to pkiCertificateTemplate objects access rule for 'VMM\DELEG_PKI-Template-Admin' to 'AD:\CN=SmartcardLogon,CN=Certificate Templates,CN=Public Key Services,CN=Services,CN=Configuration,DC=vmm,DC=lab'.
19.08.2026 21:19:27 : INFO : Successfully added Full Control to pkiCertificateTemplate objects access rule for 'VMM\DELEG_PKI-Template-Admin' to 'AD:\CN=SmartcardLogon,CN=Certificate Templates,CN=Public Key Services,CN=Services,CN=Configuration,DC=vmm,DC=lab'.
19.08.2026 21:19:27 : INFO : Successfully retrieved ACL for 'AD:\CN=SmartcardLogon,CN=Certificate Templates,CN=Public Key Services,CN=Services,CN=Configuration,DC=vmm,DC=lab'.
19.08.2026 21:19:27 : INFO : Setting owner of 'AD:\CN=SmartcardLogon,CN=Certificate Templates,CN=Public Key Services,CN=Services,CN=Configuration,DC=vmm,DC=lab' to 'VMM\DELEG_PKI-Template-Admin'.
19.08.2026 21:19:27 : INFO : Successfully set owner of 'AD:\CN=SmartcardLogon,CN=Certificate Templates,CN=Public Key Services,CN=Services,CN=Configuration,DC=vmm,DC=lab' to 'VMM\DELEG_PKI-Template-Admin'.
19.08.2026 21:19:27 : INFO : Successfully retrieved ACL for 'AD:\CN=SmartcardUser,CN=Certificate Templates,CN=Public Key Services,CN=Services,CN=Configuration,DC=vmm,DC=lab'.
19.08.2026 21:19:27 : INFO : Adding Full Control to pkiCertificateTemplate objects access rule for 'VMM\DELEG_PKI-Template-Admin' to 'AD:\CN=SmartcardUser,CN=Certificate Templates,CN=Public Key Services,CN=Services,CN=Configuration,DC=vmm,DC=lab'.
19.08.2026 21:19:27 : INFO : Successfully added Full Control to pkiCertificateTemplate objects access rule for 'VMM\DELEG_PKI-Template-Admin' to 'AD:\CN=SmartcardUser,CN=Certificate Templates,CN=Public Key Services,CN=Services,CN=Configuration,DC=vmm,DC=lab'.
19.08.2026 21:19:27 : INFO : Successfully retrieved ACL for 'AD:\CN=SmartcardUser,CN=Certificate Templates,CN=Public Key Services,CN=Services,CN=Configuration,DC=vmm,DC=lab'.
19.08.2026 21:19:27 : INFO : Setting owner of 'AD:\CN=SmartcardUser,CN=Certificate Templates,CN=Public Key Services,CN=Services,CN=Configuration,DC=vmm,DC=lab' to 'VMM\DELEG_PKI-Template-Admin'.
19.08.2026 21:19:27 : INFO : Successfully set owner of 'AD:\CN=SmartcardUser,CN=Certificate Templates,CN=Public Key Services,CN=Services,CN=Configuration,DC=vmm,DC=lab' to 'VMM\DELEG_PKI-Template-Admin'.
19.08.2026 21:19:27 : INFO : Successfully retrieved ACL for 'AD:\CN=SubCA,CN=Certificate Templates,CN=Public Key Services,CN=Services,CN=Configuration,DC=vmm,DC=lab'.
19.08.2026 21:19:27 : INFO : Adding Full Control to pkiCertificateTemplate objects access rule for 'VMM\DELEG_PKI-Template-Admin' to 'AD:\CN=SubCA,CN=Certificate Templates,CN=Public Key Services,CN=Services,CN=Configuration,DC=vmm,DC=lab'.
19.08.2026 21:19:27 : INFO : Successfully added Full Control to pkiCertificateTemplate objects access rule for 'VMM\DELEG_PKI-Template-Admin' to 'AD:\CN=SubCA,CN=Certificate Templates,CN=Public Key Services,CN=Services,CN=Configuration,DC=vmm,DC=lab'.
19.08.2026 21:19:27 : INFO : Successfully retrieved ACL for 'AD:\CN=SubCA,CN=Certificate Templates,CN=Public Key Services,CN=Services,CN=Configuration,DC=vmm,DC=lab'.
19.08.2026 21:19:27 : INFO : Setting owner of 'AD:\CN=SubCA,CN=Certificate Templates,CN=Public Key Services,CN=Services,CN=Configuration,DC=vmm,DC=lab' to 'VMM\DELEG_PKI-Template-Admin'.
19.08.2026 21:19:27 : INFO : Successfully set owner of 'AD:\CN=SubCA,CN=Certificate Templates,CN=Public Key Services,CN=Services,CN=Configuration,DC=vmm,DC=lab' to 'VMM\DELEG_PKI-Template-Admin'.
19.08.2026 21:19:27 : INFO : Successfully retrieved ACL for 'AD:\CN=User,CN=Certificate Templates,CN=Public Key Services,CN=Services,CN=Configuration,DC=vmm,DC=lab'.
19.08.2026 21:19:27 : INFO : Adding Full Control to pkiCertificateTemplate objects access rule for 'VMM\DELEG_PKI-Template-Admin' to 'AD:\CN=User,CN=Certificate Templates,CN=Public Key Services,CN=Services,CN=Configuration,DC=vmm,DC=lab'.
19.08.2026 21:19:27 : INFO : Successfully added Full Control to pkiCertificateTemplate objects access rule for 'VMM\DELEG_PKI-Template-Admin' to 'AD:\CN=User,CN=Certificate Templates,CN=Public Key Services,CN=Services,CN=Configuration,DC=vmm,DC=lab'.
19.08.2026 21:19:27 : INFO : Successfully retrieved ACL for 'AD:\CN=User,CN=Certificate Templates,CN=Public Key Services,CN=Services,CN=Configuration,DC=vmm,DC=lab'.
19.08.2026 21:19:27 : INFO : Setting owner of 'AD:\CN=User,CN=Certificate Templates,CN=Public Key Services,CN=Services,CN=Configuration,DC=vmm,DC=lab' to 'VMM\DELEG_PKI-Template-Admin'.
19.08.2026 21:19:27 : INFO : Successfully set owner of 'AD:\CN=User,CN=Certificate Templates,CN=Public Key Services,CN=Services,CN=Configuration,DC=vmm,DC=lab' to 'VMM\DELEG_PKI-Template-Admin'.
19.08.2026 21:19:27 : INFO : Successfully retrieved ACL for 'AD:\CN=UserSignature,CN=Certificate Templates,CN=Public Key Services,CN=Services,CN=Configuration,DC=vmm,DC=lab'.
19.08.2026 21:19:27 : INFO : Adding Full Control to pkiCertificateTemplate objects access rule for 'VMM\DELEG_PKI-Template-Admin' to 'AD:\CN=UserSignature,CN=Certificate Templates,CN=Public Key Services,CN=Services,CN=Configuration,DC=vmm,DC=lab'.
19.08.2026 21:19:27 : INFO : Successfully added Full Control to pkiCertificateTemplate objects access rule for 'VMM\DELEG_PKI-Template-Admin' to 'AD:\CN=UserSignature,CN=Certificate Templates,CN=Public Key Services,CN=Services,CN=Configuration,DC=vmm,DC=lab'.
19.08.2026 21:19:27 : INFO : Successfully retrieved ACL for 'AD:\CN=UserSignature,CN=Certificate Templates,CN=Public Key Services,CN=Services,CN=Configuration,DC=vmm,DC=lab'.
19.08.2026 21:19:27 : INFO : Setting owner of 'AD:\CN=UserSignature,CN=Certificate Templates,CN=Public Key Services,CN=Services,CN=Configuration,DC=vmm,DC=lab' to 'VMM\DELEG_PKI-Template-Admin'.
19.08.2026 21:19:27 : INFO : Successfully set owner of 'AD:\CN=UserSignature,CN=Certificate Templates,CN=Public Key Services,CN=Services,CN=Configuration,DC=vmm,DC=lab' to 'VMM\DELEG_PKI-Template-Admin'.
19.08.2026 21:19:27 : INFO : Successfully retrieved ACL for 'AD:\CN=WebServer,CN=Certificate Templates,CN=Public Key Services,CN=Services,CN=Configuration,DC=vmm,DC=lab'.
19.08.2026 21:19:27 : INFO : Adding Full Control to pkiCertificateTemplate objects access rule for 'VMM\DELEG_PKI-Template-Admin' to 'AD:\CN=WebServer,CN=Certificate Templates,CN=Public Key Services,CN=Services,CN=Configuration,DC=vmm,DC=lab'.
19.08.2026 21:19:27 : INFO : Successfully added Full Control to pkiCertificateTemplate objects access rule for 'VMM\DELEG_PKI-Template-Admin' to 'AD:\CN=WebServer,CN=Certificate Templates,CN=Public Key Services,CN=Services,CN=Configuration,DC=vmm,DC=lab'.
19.08.2026 21:19:27 : INFO : Successfully retrieved ACL for 'AD:\CN=WebServer,CN=Certificate Templates,CN=Public Key Services,CN=Services,CN=Configuration,DC=vmm,DC=lab'.
19.08.2026 21:19:27 : INFO : Setting owner of 'AD:\CN=WebServer,CN=Certificate Templates,CN=Public Key Services,CN=Services,CN=Configuration,DC=vmm,DC=lab' to 'VMM\DELEG_PKI-Template-Admin'.
19.08.2026 21:19:27 : INFO : Successfully set owner of 'AD:\CN=WebServer,CN=Certificate Templates,CN=Public Key Services,CN=Services,CN=Configuration,DC=vmm,DC=lab' to 'VMM\DELEG_PKI-Template-Admin'.
19.08.2026 21:19:28 : INFO : Successfully retrieved ACL for 'AD:\CN=Workstation,CN=Certificate Templates,CN=Public Key Services,CN=Services,CN=Configuration,DC=vmm,DC=lab'.
19.08.2026 21:19:28 : INFO : Adding Full Control to pkiCertificateTemplate objects access rule for 'VMM\DELEG_PKI-Template-Admin' to 'AD:\CN=Workstation,CN=Certificate Templates,CN=Public Key Services,CN=Services,CN=Configuration,DC=vmm,DC=lab'.
19.08.2026 21:19:28 : INFO : Successfully added Full Control to pkiCertificateTemplate objects access rule for 'VMM\DELEG_PKI-Template-Admin' to 'AD:\CN=Workstation,CN=Certificate Templates,CN=Public Key Services,CN=Services,CN=Configuration,DC=vmm,DC=lab'.
19.08.2026 21:19:28 : INFO : Successfully retrieved ACL for 'AD:\CN=Workstation,CN=Certificate Templates,CN=Public Key Services,CN=Services,CN=Configuration,DC=vmm,DC=lab'.
19.08.2026 21:19:28 : INFO : Setting owner of 'AD:\CN=Workstation,CN=Certificate Templates,CN=Public Key Services,CN=Services,CN=Configuration,DC=vmm,DC=lab' to 'VMM\DELEG_PKI-Template-Admin'.
19.08.2026 21:19:28 : INFO : Successfully set owner of 'AD:\CN=Workstation,CN=Certificate Templates,CN=Public Key Services,CN=Services,CN=Configuration,DC=vmm,DC=lab' to 'VMM\DELEG_PKI-Template-Admin'.
